// Vitest Snapshot v1, https://vitest.dev/guide/snapshot.html

exports[`component renders 1`] = `
<DocumentFragment>
  <div
    class="sc-bdDsCe KpdCc"
    style="--tile-size: calc(calc((calc(20rem + 14vw) / 4) * 1) - (0.1rem * 2));"
  >
    <div
      class="board-viewport-shell"
    >
      <div
        class="board-zoom-control"
      >
        <input
          max="3"
          min="1"
          step="0.1"
          type="range"
          value="1"
        />
        <span>
          100%
        </span>
      </div>
      <div
        class="board-axis-y-viewport"
        style="height: calc(4 * calc(0.25 * calc(20rem + 14vw))); max-height: calc(4 * calc(0.25 * calc(20rem + 14vw))); overflow: hidden; contain: paint;"
      >
        <div
          class="board-axis-y-layer"
          style="transform-origin: top left; overflow: hidden; width: 100%; height: 100%; contain: paint;"
        >
          <div
            class="board-axis-label board-axis-y-label"
            style="top: calc(-0px + ((0 * calc(1 * (0.25 * calc(20rem + 14vw)))) + (0.5 * calc(1 * (0.25 * calc(20rem + 14vw)))))); transform: translateY(-50%);"
          >
            1
          </div>
          <div
            class="board-axis-label board-axis-y-label"
            style="top: calc(-0px + ((1 * calc(1 * (0.25 * calc(20rem + 14vw)))) + (0.5 * calc(1 * (0.25 * calc(20rem + 14vw)))))); transform: translateY(-50%);"
          >
            2
          </div>
          <div
            class="board-axis-label board-axis-y-label"
            style="top: calc(-0px + ((2 * calc(1 * (0.25 * calc(20rem + 14vw)))) + (0.5 * calc(1 * (0.25 * calc(20rem + 14vw)))))); transform: translateY(-50%);"
          >
            3
          </div>
          <div
            class="board-axis-label board-axis-y-label"
            style="top: calc(-0px + ((3 * calc(1 * (0.25 * calc(20rem + 14vw)))) + (0.5 * calc(1 * (0.25 * calc(20rem + 14vw)))))); transform: translateY(-50%);"
          >
            4
          </div>
        </div>
      </div>
      <div
        class="board-axis-x-viewport"
        style="width: calc(4 * calc(0.25 * calc(20rem + 14vw))); max-width: calc(4 * calc(0.25 * calc(20rem + 14vw))); overflow: hidden; contain: paint;"
      >
        <div
          class="board-axis-x-layer"
          style="transform-origin: top left; overflow: hidden; width: 100%; height: 100%; contain: paint;"
        >
          <div
            class="board-axis-label board-axis-x-label"
            style="left: calc(-0px + ((0 * calc(1 * (0.25 * calc(20rem + 14vw)))) + (0.5 * (calc(1 * (0.25 * calc(20rem + 14vw))))))); transform: translateX(-50%);"
          >
            A
          </div>
          <div
            class="board-axis-label board-axis-x-label"
            style="left: calc(-0px + ((0.5 * (calc(1 * (0.25 * calc(20rem + 14vw))))) + (1 * calc(1 * (0.25 * calc(20rem + 14vw)))))); transform: translateX(-50%);"
          >
            B
          </div>
          <div
            class="board-axis-label board-axis-x-label"
            style="left: calc(-0px + ((0.5 * (calc(1 * (0.25 * calc(20rem + 14vw))))) + (2 * calc(1 * (0.25 * calc(20rem + 14vw)))))); transform: translateX(-50%);"
          >
            C
          </div>
          <div
            class="board-axis-label board-axis-x-label"
            style="left: calc(-0px + ((0.5 * (calc(1 * (0.25 * calc(20rem + 14vw))))) + (3 * calc(1 * (0.25 * calc(20rem + 14vw)))))); transform: translateX(-50%);"
          >
            D
          </div>
        </div>
      </div>
      <div
        class="board-viewport  active"
        style="width: calc(4 * calc(0.25 * calc(20rem + 14vw))); height: calc(4 * calc(0.25 * calc(20rem + 14vw)));"
      >
        <div
          class="board-zoom-space"
          style="width: calc(4 * calc(1 * (0.25 * calc(20rem + 14vw)))); height: calc(4 * calc(1 * (0.25 * calc(20rem + 14vw)))); position: relative;"
        >
          <div
            class="board-wrapper active"
            style="position: relative; width: calc(4 * calc(1 * (0.25 * calc(20rem + 14vw)))); height: calc(4 * calc(1 * (0.25 * calc(20rem + 14vw))));"
          >
            <div
              style="position: absolute; left: calc(0.1rem + (0 * calc(1 * (0.25 * calc(20rem + 14vw))))); top: calc(0.1rem + (0 * calc(1 * (0.25 * calc(20rem + 14vw))))); z-index: 6; pointer-events: none;"
            >
              <div
                class="sc-dkXsAU dDytKF"
              >
                <div
                  class="sc-hKVpXn sc-hHopjF dyVbIv cQYmBa"
                />
                <div
                  class="sc-hKVpXn sc-eCQgVK dyVbIv jpZakk"
                >
                  <div
                    class="sc-hKVpXn sc-dlwHGs dyVbIv ddFSRZ"
                  />
                </div>
                <div
                  class="sc-hKVpXn sc-eCQgVK dyVbIv eASaHM"
                >
                  <div
                    class="sc-hKVpXn sc-kgohyr dyVbIv fsYjzC"
                  />
                </div>
              </div>
            </div>
            <div
              style="position: absolute; left: calc(0.1rem + (2 * calc(1 * (0.25 * calc(20rem + 14vw))))); top: calc(0.1rem + (3 * calc(1 * (0.25 * calc(20rem + 14vw))))); z-index: 6; pointer-events: none;"
            >
              <div
                class="sc-dkXsAU fBvuYY"
              >
                <div
                  class="sc-hKVpXn sc-hHopjF dyVbIv cQYmBa"
                />
                <div
                  class="sc-hKVpXn sc-eCQgVK dyVbIv jpZakk"
                >
                  <div
                    class="sc-hKVpXn sc-dlwHGs dyVbIv ddFSRZ"
                  />
                </div>
                <div
                  class="sc-hKVpXn sc-eCQgVK dyVbIv eASaHM"
                >
                  <div
                    class="sc-hKVpXn sc-kgohyr dyVbIv fsYjzC"
                  />
                </div>
              </div>
            </div>
            <div
              style="display: none; position: absolute; left: 0px; top: 0px; z-index: 10; border: 2px solid white; border-radius: 3px; pointer-events: none; box-sizing: border-box; will-change: transform;"
            />
            <div
              style="position: absolute; inset: 0px; z-index: 11; pointer-events: none;"
            />
            <div
              class="board-row"
            >
              <div
                class="board-tile ship-not-hit"
                data-col="0"
                data-row="0"
              />
              <div
                class="board-tile ship-not-hit"
                data-col="1"
                data-row="0"
              />
              <div
                class="board-tile"
                data-col="2"
                data-row="0"
              />
              <div
                class="board-tile"
                data-col="3"
                data-row="0"
              />
            </div>
            <div
              class="board-row"
            >
              <div
                class="board-tile"
                data-col="0"
                data-row="1"
              />
              <div
                class="board-tile"
                data-col="1"
                data-row="1"
              />
              <div
                class="board-tile"
                data-col="2"
                data-row="1"
              />
              <div
                class="board-tile"
                data-col="3"
                data-row="1"
              />
            </div>
            <div
              class="board-row"
            >
              <div
                class="board-tile"
                data-col="0"
                data-row="2"
              />
              <div
                class="board-tile"
                data-col="1"
                data-row="2"
              />
              <div
                class="board-tile ship-not-hit"
                data-col="2"
                data-row="2"
              />
              <div
                class="board-tile"
                data-col="3"
                data-row="2"
              />
            </div>
            <div
              class="board-row"
            >
              <div
                class="board-tile"
                data-col="0"
                data-row="3"
              />
              <div
                class="board-tile"
                data-col="1"
                data-row="3"
              />
              <div
                class="board-tile ship-not-hit"
                data-col="2"
                data-row="3"
              />
              <div
                class="board-tile"
                data-col="3"
                data-row="3"
              />
            </div>
          </div>
        </div>
      </div>
    </div>
  </div>
</DocumentFragment>
`;
